******************************************************************************
                  TI ARM Linker PC v20.2.5                     
******************************************************************************
>> Linked Fri Jun  3 14:59:55 2022

OUTPUT FILE NAME:   <http_client_demo.out>
ENTRY POINT SYMBOL: "_c_int00_noargs"  address: 200124a9


MEMORY CONFIGURATION

         name            origin    length      used     unused   attr    fill
----------------------  --------  ---------  --------  --------  ----  --------
  SRAM_CODE             20004000   00013000  0000f90a  000036f6  RW X
  SRAM_DATA             20017000   00019000  00011e37  000071c9  RW X


SEGMENT ALLOCATION MAP

run origin  load origin   length   init length attrs members
----------  ----------- ---------- ----------- ----- -------
20004000    20004000    0000f910   0000f910    r-x
  20004000    20004000    00000400   00000400    r-- .intvecs
  20004400    20004400    0000e906   0000e906    r-x .text
  20012d08    20012d08    00000b24   00000b24    r-- .const
  20013830    20013830    000000e0   000000e0    r-- .cinit
20017000    20017000    00011638   00000000    rw-
  20017000    20017000    00010ab7   00000000    rw- .bss
  20027ab8    20027ab8    00000800   00000000    rw- .sysmem
  200282b8    200282b8    00000380   00000000    rw- .data
2002f800    2002f800    00000800   00000000    rw-
  2002f800    2002f800    00000800   00000000    rw- .stack


SECTION ALLOCATION MAP

 output                                  attributes/
section   page    origin      length       input sections
--------  ----  ----------  ----------   ----------------
.intvecs   0    20004000    00000400     
                  20004000    00000400     startup_ccs.obj (.intvecs)

.init_array 
*          0    20004000    00000000     UNINITIALIZED

.text      0    20004400    0000e906     
                  20004400    00003800     main.obj (.text)
                  20007c00    00000d1c     Adafruit_GFX.obj (.text)
                  2000891c    00000a4e     rtsv7M4_T_le_eabi.lib : _printfi.c.obj (.text:__TI_printfi)
                  2000936a    00000002     driverlib.a : interrupt.obj (.text:IntDefaultHandler)
                  2000936c    00000688     Adafruit_OLED.obj (.text)
                  200099f4    00000590     simplelink.a : driver.obj (.text:_SlDrvMsgRead)
                  20009f84    00000312     json.a : jsmn.obj (.text:jsmn_parse)
                  2000a296    00000002     rtsv7M4_T_le_eabi.lib : _lock.c.obj (.text:_nop)
                  2000a298    000002a0     i2c_if.obj (.text)
                  2000a538    00000280     simplelink.a : wlan.obj (.text:sl_WlanConnect)
                  2000a7b8    0000027c     uart_if.obj (.text)
                  2000aa34    00000268     rtsv7M4_T_le_eabi.lib : _printfi.c.obj (.text:_pconv_a)
                  2000ac9c    00000248     simplelink.a : driver.obj (.text:_SlDrvRxHdrRead)
                  2000aee4    000001e4                  : driver.obj (.text:_SlDrvDataReadOp)
                  2000b0c8    000001d0                  : driver.obj (.text:_SlDrvReleasePoolObj)
                  2000b298    000001cc     rtsv7M4_T_le_eabi.lib : _printfi.c.obj (.text:_pconv_g)
                  2000b464    000001b6                           : fd_add_t2.asm.obj (.text)
                  2000b61a    00000002                           : div0.asm.obj (.text)
                  2000b61c    000001b4     simplelink.a : driver.obj (.text:_SlDrvDriverCBInit)
                  2000b7d0    0000019c                  : driver.obj (.text:_SlDrvMsgWrite)
                  2000b96c    00000190                  : driver.obj (.text:_SlDrvWaitForPoolObj)
                  2000bafc    0000018c     webclient.a : httpcli.obj (.text:bufferedRecv)
                  2000bc88    0000018c     json.a : jsmn.obj (.text:jsmn_parse_string)
                  2000be14    0000018c     simplelink.a : socket.obj (.text:sl_Connect)
                  2000bfa0    00000178     driverlib.a : prcm.obj (.text:PRCMCC3200MCUInit)
                  2000c118    00000170     webclient.a : httpcli.obj (.text:HTTPCli_getResponseField)
                  2000c288    00000170     simplelink.a : driver.obj (.text:_SlFindAndSetActiveObj)
                  2000c3f8    00000150                  : driver.obj (.text:_SlDrvDataWriteOp)
                  2000c548    00000148                  : cc_pal.obj (.text:spi_Open)
                  2000c690    00000144                  : driver.obj (.text:_SlDrvMsgReadCmdCtx)
                  2000c7d4    00000144                  : netapp.obj (.text:sl_NetAppDnsGetHostByName)
                  2000c918    0000013c     rtsv7M4_T_le_eabi.lib : _printfi.c.obj (.text:_pconv_e)
                  2000ca54    00000136                           : fd_div_t2.asm.obj (.text)
                  2000cb8a    00000002     --HOLE-- [fill = 0]
                  2000cb8c    00000134     simplelink.a : socket.obj (.text:sl_Send)
                  2000ccc0    00000130                  : driver.obj (.text:_SlDrvDriverCBDeinit)
                  2000cdf0    00000130     webclient.a : httpcli.obj (.text:getChunkedData)
                  2000cf20    00000128                 : httpcli.obj (.text:HTTPCli_connect)
                  2000d048    00000124     pin_mux_config.obj (.text)
                  2000d16c    00000120     rtsv7M4_T_le_eabi.lib : _printfi.c.obj (.text:fcvt)
                  2000d28c    0000011a     webclient.a : ssock.obj (.text:Ssock_send)
                  2000d3a6    00000002     --HOLE-- [fill = 0]
                  2000d3a8    00000114     rtsv7M4_T_le_eabi.lib : fputs.c.obj (.text:fputs)
                  2000d4bc    00000110                           : strtoul.c.obj (.text:strtoul)
                  2000d5cc    00000104     simplelink.a : netapp.obj (.text:_SlDrvNetAppEventHandler)
                  2000d6d0    00000100     rtsv7M4_T_le_eabi.lib : memory.c.obj (.text:aligned_alloc)
                  2000d7d0    000000fc                           : fd_mul_t2.asm.obj (.text)
                  2000d8cc    000000fa     timer_if.obj (.text)
                  2000d9c6    00000002     --HOLE-- [fill = 0]
                  2000d9c8    000000f8     webclient.a : httpcli.obj (.text:startSecureMode)
                  2000dac0    000000f0     simplelink.a : device.obj (.text:sl_Start)
                  2000dbb0    000000f0                  : device.obj (.text:sl_Stop)
                  2000dca0    000000f0                  : cc_pal.obj (.text:spi_Read)
                  2000dd90    000000f0     driverlib.a : udma.obj (.text:uDMAChannelTransferSet)
                  2000de80    000000e9     webclient.a : httpcli.obj (.text:HTTPCli_sendRequest)
                  2000df69    00000003     --HOLE-- [fill = 0]
                  2000df6c    000000e8     simplelink.a : driver.obj (.text:_SlAsyncEventGenericHandler)
                  2000e054    000000e8                  : driver.obj (.text:_SlDrvMsgReadSpawnCtx)
                  2000e13c    000000e4     rtsv7M4_T_le_eabi.lib : memory.c.obj (.text:free)
                  2000e220    000000e4                           : memory.c.obj (.text:realloc)
                  2000e304    000000e4     simplelink.a : netapp.obj (.text:sl_NetAppMDNSRegisterUnregisterService)
                  2000e3e8    000000dc                  : driver.obj (.text:_SlDrvClassifyRxMsg)
                  2000e4c4    000000dc     rtsv7M4_T_le_eabi.lib : setvbuf.c.obj (.text:setvbuf)
                  2000e5a0    000000d0                           : s_scalbn.c.obj (.text:scalbn)
                  2000e670    000000cc     simplelink.a : netapp.obj (.text:_sl_HandleAsync_DnsGetHostByService)
                  2000e73c    000000cc                  : device.obj (.text:sl_DevGet)
                  2000e808    000000c8     json.a : jsmn.obj (.text:jsmn_parse_primitive)
                  2000e8d0    000000c4     simplelink.a : driver.obj (.text:_SlRemoveFromList)
                  2000e994    000000c0                  : driver.obj (.text:_SlDrvCmdOp)
                  2000ea54    000000b8     webclient.a : httpcli.obj (.text:readLine)
                  2000eb0c    000000b1     rtsv7M4_T_le_eabi.lib : _printfi.c.obj (.text:_ltostr)
                  2000ebbd    00000003     --HOLE-- [fill = 0]
                  2000ebc0    000000b0     simplelink.a : nonos.obj (.text:_SlNonOsSemGet)
                  2000ec70    000000a8     driverlib.a : interrupt.obj (.text:IntDisable)
                  2000ed18    000000a8                 : interrupt.obj (.text:IntEnable)
                  2000edc0    000000a4     simplelink.a : driver.obj (.text:_SlDriverHandleError)
                  2000ee64    000000a0     driverlib.a : spi.obj (.text:SPIConfigSetExpClk)
                  2000ef04    000000a0     simplelink.a : socket.obj (.text:sl_Recv)
                  2000efa4    0000009c     rtsv7M4_T_le_eabi.lib : memcpy_t2.asm.obj (.text)
                  2000f040    0000009a     simplelink.a : device.obj (.text:_SlDrvDeviceEventHandler)
                  2000f0da    00000002     --HOLE-- [fill = 0]
                  2000f0dc    00000098                  : device.obj (.text:sl_DevSet)
                  2000f174    00000098                  : netcfg.obj (.text:sl_NetCfgSet)
                  2000f20c    00000098                  : socket.obj (.text:sl_SetSockOpt)
                  2000f2a4    00000098                  : wlan.obj (.text:sl_WlanSet)
                  2000f33c    00000098                  : cc_pal.obj (.text:spi_Write)
                  2000f3d4    00000096     rtsv7M4_T_le_eabi.lib : ull_div_t2.asm.obj (.text)
                  2000f46a    00000002     --HOLE-- [fill = 0]
                  2000f46c    00000094     driverlib.a : prcm.obj (.text:PRCMPeripheralClockGet)
                  2000f500    00000090     simplelink.a : netapp.obj (.text:_sl_HandleAsync_DnsGetHostByName)
                  2000f590    00000090                  : netapp.obj (.text:_sl_HandleAsync_PingResponse)
                  2000f620    00000090     webclient.a : httpcli.obj (.text:checkContentField)
                  2000f6b0    00000090     simplelink.a : wlan.obj (.text:sl_WlanPolicySet)
                  2000f740    0000008d     webclient.a : httpcli.obj (.text:getStatus)
                  2000f7cd    00000001     --HOLE-- [fill = 0]
                  2000f7ce    0000008c                 : httpcli.obj (.text:HTTPCli_readResponseBody)
                  2000f85a    00000002     --HOLE-- [fill = 0]
                  2000f85c    0000008c     simplelink.a : cc_pal.obj (.text:SetupDMAReceive)
                  2000f8e8    0000008c                  : cc_pal.obj (.text:SetupDMASend)
                  2000f974    0000008c                  : driver.obj (.text:_SlDrvIsTimeoutExpired)
                  2000fa00    0000008c                  : device.obj (.text:_sl_HandleAsync_InitComplete)
                  2000fa8c    0000008c     rtsv7M4_T_le_eabi.lib : fputc.c.obj (.text:fputc)
                  2000fb18    0000008c     simplelink.a : socket.obj (.text:sl_Socket)
                  2000fba4    00000088     driverlib.a : pin.obj (.text:PinConfigSet)
                  2000fc2c    00000086     rtsv7M4_T_le_eabi.lib : fd_cmp_t2.asm.obj (.text:__aeabi_cdcmple)
                  2000fcb2    00000086                           : fd_cmp_t2.asm.obj (.text:__aeabi_cdrcmple)
                  2000fd38    00000084     driverlib.a : i2c.obj (.text:I2CMasterInitExpClk)
                  2000fdbc    00000084     simplelink.a : cc_pal.obj (.text:NwpPowerOnPreamble)
                  2000fe40    00000084                  : wlan.obj (.text:sl_WlanRxFilterSet)
                  2000fec4    00000082     driverlib.a : gpio.obj (.text:GPIOIntTypeSet)
                  2000ff46    00000002     --HOLE-- [fill = 0]
                  2000ff48    00000080     simplelink.a : socket.obj (.text:_sl_HandleAsync_Connect)
                  2000ffc8    00000080                  : cc_pal.obj (.text:spi_Read_CPU)
                  20010048    00000080                  : cc_pal.obj (.text:spi_Write_CPU)
                  200100c8    0000007a     rtsv7M4_T_le_eabi.lib : memset_t2.asm.obj (.text)
                  20010142    00000002     --HOLE-- [fill = 0]
                  20010144    00000078     simplelink.a : cc_pal.obj (.text:spi_Close)
                  200101bc    00000076     driverlib.a : uart.obj (.text:UARTConfigSetExpClk)
                  20010232    00000002     --HOLE-- [fill = 0]
                  20010234    00000074     simplelink.a : nonos.obj (.text:_SlNonOsMainLoopTask)
                  200102a8    00000074     rtsv7M4_T_le_eabi.lib : fclose.c.obj (.text:__TI_closefile)
                  2001031c    00000070     driverlib.a : timer.obj (.text:TimerIntRegister)
                  2001038c    00000070     rtsv7M4_T_le_eabi.lib : memory.c.obj (.text:split)
                  200103fc    0000006e                           : _printfi.c.obj (.text:_mcpy)
                  2001046a    00000002     --HOLE-- [fill = 0]
                  2001046c    0000006c                           : hostrename.c.obj (.text:HOSTrename)
                  200104d8    0000006c     simplelink.a : driver.obj (.text:_SlDrvCmdSend)
                  20010544    0000006c                  : netapp.obj (.text:_sl_NetAppSendTokenValue)
                  200105b0    0000006c     webclient.a : httpcli.obj (.text:sprsend)
                  2001061c    00000068     rtsv7M4_T_le_eabi.lib : hostlseek.c.obj (.text:HOSTlseek)
                  20010684    00000068     driverlib.a : timer.obj (.text:TimerIntUnregister)
                  200106ec    00000068     rtsv7M4_T_le_eabi.lib : copy_decompress_lzss.c.obj (.text:decompress:lzss:__TI_decompress_lzss)
                  20010754    00000068                           : printf.c.obj (.text:printf)
                  200107bc    00000067     webclient.a : httpcli.obj (.text:HTTPCli_sendField)
                  20010823    00000001     --HOLE-- [fill = 0]
                  20010824    00000064     simplelink.a : nonos.obj (.text:_SlNonOsSpawn)
                  20010888    00000064                  : socket.obj (.text:_sl_HandleAsync_Accept)
                  200108ec    00000064     rtsv7M4_T_le_eabi.lib : fseek.c.obj (.text:fseek)
                  20010950    00000064     simplelink.a : netapp.obj (.text:sl_NetAppMDNSUnRegisterService)
                  200109b4    00000064     driverlib.a : udma.obj (.text:uDMAChannelAttributeDisable)
                  20010a18    00000064                 : udma.obj (.text:uDMAChannelAttributeEnable)
                  20010a7c    00000062     rtsv7M4_T_le_eabi.lib : _io_perm.c.obj (.text:__TI_wrt_ok)
                  20010ade    00000002     --HOLE-- [fill = 0]
                  20010ae0    00000060                           : hostopen.c.obj (.text:HOSTopen)
                  20010b40    00000060     simplelink.a : socket.obj (.text:sl_Close)
                  20010ba0    00000060                  : wlan.obj (.text:sl_WlanProfileDel)
                  20010c00    00000060                  : wlan.obj (.text:sl_WlanSetMode)
                  20010c60    0000005c     rtsv7M4_T_le_eabi.lib : close.c.obj (.text:close)
                  20010cbc    0000005c                           : s_frexp.c.obj (.text:frexp)
                  20010d18    0000005a     webclient.a : ssock.obj (.text:Ssock_recv)
                  20010d72    00000002     --HOLE-- [fill = 0]
                  20010d74    00000058     rtsv7M4_T_le_eabi.lib : hostread.c.obj (.text:HOSTread)
                  20010dcc    00000058                           : hostwrite.c.obj (.text:HOSTwrite)
                  20010e24    00000058     driverlib.a : interrupt.obj (.text:IntPendClear)
                  20010e7c    00000058                 : prcm.obj (.text:PRCMPeripheralReset)
                  20010ed4    00000056     rtsv7M4_T_le_eabi.lib : _printfi.c.obj (.text:_pconv_f)
                  20010f2a    00000002     --HOLE-- [fill = 0]
                  20010f2c    00000054     driverlib.a : interrupt.obj (.text:IntPrioritySet)
                  20010f80    00000054     simplelink.a : driver.obj (.text:_SlDrvRxIrqHandler)
                  20010fd4    00000054     rtsv7M4_T_le_eabi.lib : _ltoa.c.obj (.text:__TI_ltoa)
                  20011028    00000054     simplelink.a : socket.obj (.text:_sl_HandleAsync_Select)
                  2001107c    00000052     webclient.a : ssock.obj (.text:Ssock_destruct)
                  200110ce    00000052     rtsv7M4_T_le_eabi.lib : _printfi.c.obj (.text:_ecpy)
                  20011120    00000050     simplelink.a : device.obj (.text:_sl_HandleAsync_Stop)
                  20011170    0000004c     driverlib.a : spi.obj (.text:SPIIntEnable)
                  200111bc    0000004c                 : spi.obj (.text:SPIIntNumberGet)
                  20011208    0000004c     simplelink.a : driver.obj (.text:_SlDrvProtectAsyncRespSetting)
                  20011254    0000004c     rtsv7M4_T_le_eabi.lib : fflush.c.obj (.text:__TI_doflush)
                  200112a0    0000004c     simplelink.a : socket.obj (.text:_sl_BuildAddress)
                  200112ec    0000004c     rtsv7M4_T_le_eabi.lib : atoi.c.obj (.text:atoi)
                  20011338    0000004c     webclient.a : httpcli.obj (.text:lookUpResponseFields)
                  20011384    0000004c                 : httpcli.obj (.text:stringCompare)
                  200113d0    0000004c     driverlib.a : udma.obj (.text:uDMAChannelAssign)
                  2001141c    00000048                 : gpio.obj (.text:GPIOGetIntNumber)
                  20011464    00000048     webclient.a : httpcli.obj (.text:HTTPCli_construct)
                  200114ac    00000048                 : httpcli.obj (.text:HTTPCli_destruct)
                  200114f4    00000048     driverlib.a : spi.obj (.text:SPIIntClear)
                  2001153c    00000048     simplelink.a : driver.obj (.text:_SlDrvBasicCmd)
                  20011584    00000048     rtsv7M4_T_le_eabi.lib : exit.c.obj (.text:exit)
                  200115cc    00000048                           : fd_toi_t2.asm.obj (.text)
                  20011614    00000044                           : hostclose.c.obj (.text:HOSTclose)
                  20011658    00000044                           : hostunlink.c.obj (.text:HOSTunlink)
                  2001169c    00000044     driverlib.a : spi.obj (.text:SPIDmaMaskGet)
                  200116e0    00000044                 : timer.obj (.text:TimerConfigure)
                  20011724    00000044     simplelink.a : driver.obj (.text:_SlDrvHandleHttpServerEvents)
                  20011768    00000044                  : driver.obj (.text:_SlDrvSyncObjWaitTimeout)
                  200117ac    00000044     rtsv7M4_T_le_eabi.lib : autoinit.c.obj (.text:__TI_auto_init_nobinit_nopinit:__TI_auto_init_nobinit_nopinit)
                  200117f0    00000044     simplelink.a : cc_pal.obj (.text:cc_SetupTransfer)
                  20011834    00000044     rtsv7M4_T_le_eabi.lib : getdevice.c.obj (.text:getdevice)
                  20011878    00000042     webclient.a : httpcli.obj (.text:skipLine)
                  200118ba    00000042     simplelink.a : socket.obj (.text:sl_Htonl)
                  200118fc    00000040     webclient.a : httpcli.obj (.text:HTTPCli_readRawResponseBody)
                  2001193c    00000040     driverlib.a : pin.obj (.text:PinModeSet)
                  2001197c    00000040     webclient.a : ssock.obj (.text:Ssock_construct)
                  200119bc    00000040     simplelink.a : driver.obj (.text:_SlDrvHandleNetAppEvents)
                  200119fc    00000040                  : driver.obj (.text:_SlDrvHandleWlanEvents)
                  20011a3c    00000040                  : socket.obj (.text:_sl_TruncatePayloadByProtocol)
                  20011a7c    00000040     json.a : jsmn.obj (.text:jsmn_alloc_token)
                  20011abc    00000040     rtsv7M4_T_le_eabi.lib : sprintf.c.obj (.text:sprintf)
                  20011afc    00000040                           : vsnprintf.c.obj (.text:vsnprintf)
                  20011b3c    0000003e     simplelink.a : cc_pal.obj (.text:NwpRegisterInterruptHandler)
                  20011b7a    0000003e     rtsv7M4_T_le_eabi.lib : _printfi.c.obj (.text:_fcpy)
                  20011bb8    0000003c     simplelink.a : netapp.obj (.text:CopyPingResultsToReport)
                  20011bf4    0000003c     driverlib.a : prcm.obj (.text:PRCMPeripheralClkEnable)
                  20011c30    0000003c     simplelink.a : cc_pal.obj (.text:simplelink_timerA2_start)
                  20011c6c    0000003c                  : socket.obj (.text:sl_Htons)
                  20011ca8    0000003c     driverlib.a : udma.obj (.text:uDMAChannelControlSet)
                  20011ce4    00000038     webclient.a : httpcli.obj (.text:HTTPCli_sendRequestBody)
                  20011d1c    00000038     simplelink.a : cc_pal.obj (.text:NwpPowerOff)
                  20011d54    00000038     rtsv7M4_T_le_eabi.lib : trgmsg.c.obj (.text:__TI_writemsg)
                  20011d8c    00000038     simplelink.a : wlan.obj (.text:sl_WlanDisconnect)
                  20011dc4    00000036     driverlib.a : gpio.obj (.text:GPIODirModeSet)
                  20011dfa    00000036     rtsv7M4_T_le_eabi.lib : strncpy.c.obj (.text:strncpy)
                  20011e30    00000034     simplelink.a : cc_pal.obj (.text:NwpPowerOn)
                  20011e64    00000034     driverlib.a : prcm.obj (.text:PRCMPeripheralStatusGet)
                  20011e98    00000034                 : spi.obj (.text:SPIFIFOLevelSet)
                  20011ecc    00000034     rtsv7M4_T_le_eabi.lib : fopen.c.obj (.text:__TI_cleanup)
                  20011f00    00000034                           : trgmsg.c.obj (.text:__TI_readmsg)
                  20011f34    00000032     webclient.a : httpcli.obj (.text:HTTPCli_disconnect)
                  20011f66    00000030     driverlib.a : pin.obj (.text:PinTypeGPIO)
                  20011f96    00000002     --HOLE-- [fill = 0]
                  20011f98    00000030                 : uart.obj (.text:UARTDisable)
                  20011fc8    00000030     rtsv7M4_T_le_eabi.lib : vsnprintf.c.obj (.text:_outs)
                  20011ff8    00000030                           : getdevice.c.obj (.text:finddevice)
                  20012028    0000002e                           : i_tofd_t2.asm.obj (.text)
                  20012056    0000002e                           : strcasecmp.c.obj (.text:strcasecmp)
                  20012084    0000002c     driverlib.a : i2c.obj (.text:I2CMasterErr)
                  200120b0    0000002c                 : prcm.obj (.text:PRCMSysResetCauseGet)
                  200120dc    0000002c     simplelink.a : driver.obj (.text:_SlDrvObjGlobalLockWaitForever)
                  20012108    0000002c                  : driver.obj (.text:_SlDrvProtectionObjLockWaitForever)
                  20012134    0000002c     json.a : jsmn.obj (.text:jsmn_fill_token)
                  20012160    0000002c     webclient.a : httpcli.obj (.text:setCliState)
                  2001218c    0000002c     rtsv7M4_T_le_eabi.lib : strncmp.c.obj (.text:strncmp)
                  200121b8    0000002c                           : unlink.c.obj (.text:unlink)
                  200121e4    0000002a     driverlib.a : timer.obj (.text:TimerLoadSet)
                  2001220e    0000002a                 : timer.obj (.text:TimerPrescaleSet)
                  20012238    0000002a     webclient.a : httpcli.obj (.text:toLowerCase)
                  20012262    00000002     --HOLE-- [fill = 0]
                  20012264    00000028     driverlib.a : prcm.obj (.text:PRCMPeripheralClkDisable)
                  2001228c    00000028     simplelink.a : driver.obj (.text:_SlDrvGlobalObjUnLock)
                  200122b4    00000028                  : driver.obj (.text:_SlDrvProtectionObjUnLock)
                  200122dc    00000028                  : driver.obj (.text:_SlDrvSyncObjWaitForever)
                  20012304    00000028     rtsv7M4_T_le_eabi.lib : memory.c.obj (.text:free_list_insert)
                  2001232c    00000028                           : lseek.c.obj (.text:lseek)
                  20012354    00000028                           : memmov.c.obj (.text:memmove)
                  2001237c    00000028                           : write.c.obj (.text:write)
                  200123a4    00000026     webclient.a : httpcli.obj (.text:HTTPCli_setRequestFields)
                  200123ca    00000026                 : httpcli.obj (.text:HTTPCli_setResponseFields)
                  200123f0    00000026     simplelink.a : driver.obj (.text:_SlDrvObjLockWaitForever)
                  20012416    00000026     network_common.obj (.text)
                  2001243c    00000024     simplelink.a : cc_pal.obj (.text:DmaSpiSwIntHandler)
                  20012460    00000024     driverlib.a : interrupt.obj (.text:IntUnregister)
                  20012484    00000024                 : uart.obj (.text:UARTEnable)
                  200124a8    00000024     rtsv7M4_T_le_eabi.lib : boot_cortex_m.c.obj (.text:_c_int00_noargs:_c_int00_noargs)
                  200124cc    00000022     driverlib.a : gpio.obj (.text:GPIOIntStatus)
                  200124ee    00000022                 : i2c.obj (.text:I2CMasterSlaveAddrSet)
                  20012510    00000022                 : spi.obj (.text:SPIReset)
                  20012532    00000022                 : spi.obj (.text:SPIWordCountSet)
                  20012554    00000020                 : gpio.obj (.text:GPIOPinWrite)
                  20012574    00000020                 : interrupt.obj (.text:IntRegister)
                  20012594    00000020     simplelink.a : cc_pal.obj (.text:NwpPrePowerOffTimout0)
                  200125b4    00000020     driverlib.a : spi.obj (.text:SPIDataGet)
                  200125d4    00000020     simplelink.a : cc_pal.obj (.text:TimerGetCurrentTimestamp)
                  200125f4    00000020                  : driver.obj (.text:_SlDrvObjUnLock)
                  20012614    00000020                  : driver.obj (.text:_SlDrvSyncObjSignal)
                  20012634    00000020     rtsv7M4_T_le_eabi.lib : memchr.c.obj (.text:memchr)
                  20012654    0000001e     driverlib.a : gpio.obj (.text:GPIOIntRegister)
                  20012672    0000001e                 : i2c.obj (.text:I2CMasterIntStatusEx)
                  20012690    0000001e                 : spi.obj (.text:SPIDataPut)
                  200126ae    0000001e                 : timer.obj (.text:TimerDisable)
                  200126cc    0000001e                 : timer.obj (.text:TimerEnable)
                  200126ea    0000001e                 : timer.obj (.text:TimerIntStatus)
                  20012708    0000001e                 : uart.obj (.text:UARTCharPut)
                  20012726    0000001e     simplelink.a : cc_pal.obj (.text:cc_UDMAChannelSelect)
                  20012744    0000001e     json.a : jsmn.obj (.text:jsmn_init)
                  20012762    0000001e     rtsv7M4_T_le_eabi.lib : strcat.c.obj (.text:strcat)
                  20012780    0000001e     webclient.a : httpcli.obj (.text:xvsnprintf)
                  2001279e    0000001c                 : httpcli.obj (.text:HTTPCli_getResponseStatus)
                  200127ba    0000001c     driverlib.a : pin.obj (.text:PinTypeI2C)
                  200127d6    0000001c                 : timer.obj (.text:TimerValueGet)
                  200127f2    0000001c                 : uart.obj (.text:UARTCharGetNonBlocking)
                  2001280e    0000001c     simplelink.a : driver.obj (.text:_SlDrvStartMeasureTimeout)
                  2001282a    00000002     --HOLE-- [fill = 0]
                  2001282c    0000001c     rtsv7M4_T_le_eabi.lib : memory.c.obj (.text:free_list_remove)
                  20012848    0000001c                           : memccpy.c.obj (.text:memccpy)
                  20012864    0000001c     driverlib.a : udma.obj (.text:uDMAChannelEnable)
                  20012880    0000001a                 : gpio.obj (.text:GPIOIntEnable)
                  2001289a    0000001a                 : pin.obj (.text:PinTypeSPI)
                  200128b4    0000001a                 : pin.obj (.text:PinTypeUART)
                  200128ce    0000001a                 : spi.obj (.text:SPIDmaDisable)
                  200128e8    0000001a                 : spi.obj (.text:SPIDmaEnable)
                  20012902    0000001a                 : spi.obj (.text:SPIFIFODisable)
                  2001291c    0000001a                 : spi.obj (.text:SPIFIFOEnable)
                  20012936    0000001a                 : spi.obj (.text:SPIIntUnregister)
                  20012950    0000001a     webclient.a : httpcli.obj (.text:getCliState)
                  2001296a    0000001a                 : httpcli.obj (.text:isValidSocket)
                  20012984    00000018     driverlib.a : gpio.obj (.text:GPIOPinRead)
                  2001299c    00000018                 : i2c.obj (.text:I2CMasterIntEnableEx)
                  200129b4    00000018                 : spi.obj (.text:SPICSDisable)
                  200129cc    00000018                 : spi.obj (.text:SPICSEnable)
                  200129e4    00000018                 : spi.obj (.text:SPIDisable)
                  200129fc    00000018                 : spi.obj (.text:SPIEnable)
                  20012a14    00000018                 : timer.obj (.text:TimerIntDisable)
                  20012a2c    00000018                 : timer.obj (.text:TimerIntEnable)
                  20012a44    00000018                 : uart.obj (.text:UARTCharsAvail)
                  20012a5c    00000018     simplelink.a : nonos.obj (.text:_SlNonOsSemSet)
                  20012a74    00000018     rtsv7M4_T_le_eabi.lib : vsnprintf.c.obj (.text:_outc)
                  20012a8c    00000018                           : sprintf.c.obj (.text:_outs)
                  20012aa4    00000018     simplelink.a : device.obj (.text:_sl_GetStartResponseConvert)
                  20012abc    00000018     rtsv7M4_T_le_eabi.lib : strcmp.c.obj (.text:strcmp)
                  20012ad4    00000016     driverlib.a : i2c.obj (.text:I2CMasterDataPut)
                  20012aea    00000016                 : i2c.obj (.text:I2CMasterEnable)
                  20012b00    00000016                 : i2c.obj (.text:I2CMasterIntClear)
                  20012b16    00000016                 : prcm.obj (.text:PRCMHIBRegRead)
                  20012b2c    00000016                 : prcm.obj (.text:PRCMHIBRegWrite)
                  20012b42    00000016     simplelink.a : driver.obj (.text:_SlDrvMemZero)
                  20012b58    00000016     rtsv7M4_T_le_eabi.lib : strchr.c.obj (.text:strchr)
                  20012b6e    00000014     driverlib.a : cpu.obj (.text:CPUcpsie)
                  20012b82    00000014                 : gpio.obj (.text:GPIOIntClear)
                  20012b96    00000002     --HOLE-- [fill = 0]
                  20012b98    00000014                 : interrupt.obj (.text:IntVTableBaseSet)
                  20012bac    00000014     rtsv7M4_T_le_eabi.lib : strcpy.c.obj (.text:strcpy)
                  20012bc0    00000014                           : strlen.c.obj (.text:strlen)
                  20012bd4    00000012     driverlib.a : i2c.obj (.text:I2CMasterControl)
                  20012be6    00000012                 : i2c.obj (.text:I2CMasterTimeoutSet)
                  20012bf8    00000012                 : timer.obj (.text:TimerIntClear)
                  20012c0a    00000012     rtsv7M4_T_le_eabi.lib : wcslen.c.obj (.text:wcslen)
                  20012c1c    00000010     simplelink.a : driver.obj (.text:_SlDrvDispatchHttpServerEvents)
                  20012c2c    00000010     webclient.a : httpcli.obj (.text:xassert)
                  20012c3c    0000000e     driverlib.a : i2c.obj (.text:I2CMasterDataGet)
                  20012c4a    0000000e     webclient.a : ssock.obj (.text:Ssock_getSocket)
                  20012c58    0000000e     simplelink.a : driver.obj (.text:_SlDrvResetCmdExt)
                  20012c66    0000000e     rtsv7M4_T_le_eabi.lib : copy_decompress_none.c.obj (.text:decompress:none:__TI_decompress_none)
                  20012c74    0000000e     startup_ccs.obj (.text)
                  20012c82    00000002     --HOLE-- [fill = 0]
                  20012c84    0000000c     simplelink.a : cc_pal.obj (.text:NwpMaskInterrupt)
                  20012c90    0000000c                  : cc_pal.obj (.text:NwpUnMaskInterrupt)
                  20012c9c    0000000c     rtsv7M4_T_le_eabi.lib : s_copysign.c.obj (.text:copysign)
                  20012ca8    0000000c                           : copy_zero_init.c.obj (.text:decompress:ZI:__TI_zero_init)
                  20012cb4    0000000c     webclient.a : ssock.obj (.text:xfree)
                  20012cc0    0000000c                 : ssock.obj (.text:xmalloc)
                  20012ccc    0000000a     driverlib.a : interrupt.obj (.text:IntMasterEnable)
                  20012cd6    0000000a     rtsv7M4_T_le_eabi.lib : sprintf.c.obj (.text:_outc)
                  20012ce0    00000008                           : errno.c.obj (.text:__aeabi_errno_addr)
                  20012ce8    00000008                           : memory.c.obj (.text:malloc)
                  20012cf0    00000006     driverlib.a : utils.obj (.text:UtilsDelay)
                  20012cf6    00000004     rtsv7M4_T_le_eabi.lib : printf.c.obj (.text:_outc)
                  20012cfa    00000004                           : printf.c.obj (.text:_outs)
                  20012cfe    00000004                           : pre_init.c.obj (.text:_system_pre_init)
                  20012d02    00000004                           : exit.c.obj (.text:abort:abort)

.const     0    20012d08    00000b24     
                  20012d08    000004fb     Adafruit_GFX.obj (.const:.string:font)
                  20013203    00000101     rtsv7M4_T_le_eabi.lib : ctype.c.obj (.const:.string:_ctypes_)
                  20013304    00000100     driverlib.a : pin.obj (.const:g_ulPinToPadMap)
                  20013404    000000d4                 : interrupt.obj (.const:g_pulRegs)
                  200134d8    000000a8                 : prcm.obj (.const:PRCM_PeriphRegsList)
                  20013580    0000003c     simplelink.a : driver.obj (.const:OpcodeTranslateTable)
                  200135bc    00000038                  : driver.obj (.const:_SlActionLookupTable)
                  200135f4    0000002c     main.obj (.const:$P$T2$3)
                  20013620    00000024     driverlib.a : spi.obj (.const:g_ppulSPIIntMap)
                  20013644    00000022     main.obj (.const:.string:$P$T1$2)
                  20013666    00000002     --HOLE-- [fill = 0]
                  20013668    00000020     main.obj (.const:$P$T8$9)
                  20013688    00000020     simplelink.a : driver.obj (.const:RxMsgClassLUT)
                  200136a8    00000018     driverlib.a : interrupt.obj (.const:g_pulDisRegs)
                  200136c0    00000018                 : interrupt.obj (.const:g_pulEnRegs)
                  200136d8    00000018                 : interrupt.obj (.const:g_pulUnpendRegs)
                  200136f0    00000018                 : spi.obj (.const:g_ulSPIDmaMaskMap)
                  20013708    00000015     main.obj (.const:.string:$P$T6$7)
                  2001371d    00000003     --HOLE-- [fill = 0]
                  20013720    00000014     simplelink.a : driver.obj (.const:$P$T0$1)
                  20013734    00000014                  : nonos.obj (.const:$P$T0$1)
                  20013748    00000014     main.obj (.const:$P$T3$4)
                  2001375c    00000014     main.obj (.const:.string:$P$T9$10)
                  20013770    00000012     main.obj (.const:.string:$P$T7$8)
                  20013782    00000010     simplelink.a : socket.obj (.const:.string:_SlPayloadByProtocolLUT)
                  20013792    00000002     --HOLE-- [fill = 0]
                  20013794    0000000c     main.obj (.const:$P$T5$6)
                  200137a0    0000000c     main.obj (.const:.string:$P$T4$5)
                  200137ac    00000009     main.obj (.const:.string:$P$T0$1)
                  200137b5    00000008     webclient.a : httpcli.obj (.const:.string:$P$T0$1)
                  200137bd    00000008     simplelink.a : device.obj (.const:StartResponseLUT)
                  200137c5    00000003     --HOLE-- [fill = 0]
                  200137c8    00000008                  : driver.obj (.const:g_H2NCnysPattern)
                  200137d0    00000008                  : driver.obj (.const:g_H2NSyncPattern)
                  200137d8    00000004                  : wlan.obj (.const:$P$T0$1)
                  200137dc    00000004                  : socket.obj (.const:$P$T2$3)
                  200137e0    00000004                  : device.obj (.const:_SlDeviceGetCmdCtrl)
                  200137e4    00000004                  : device.obj (.const:_SlDeviceSetCmdCtrl)
                  200137e8    00000004                  : netapp.obj (.const:_SlGetHostByNameCtrl)
                  200137ec    00000004                  : netapp.obj (.const:_SlNetAppSendTokenValueCmdCtrl)
                  200137f0    00000004                  : netcfg.obj (.const:_SlNetCfgSetCmdCtrl)
                  200137f4    00000004                  : wlan.obj (.const:_SlPolicySetCmdCtrl)
                  200137f8    00000004                  : wlan.obj (.const:_SlProfileDelCmdCtrl)
                  200137fc    00000004                  : socket.obj (.const:_SlRecvCmdCtrl)
                  20013800    00000004                  : netapp.obj (.const:_SlRegisterServiceCtrl)
                  20013804    00000004                  : wlan.obj (.const:_SlRxFilterSetCmdCtrl)
                  20013808    00000004                  : socket.obj (.const:_SlSendCmdCtrl)
                  2001380c    00000004                  : socket.obj (.const:_SlSetSockOptCmdCtrl)
                  20013810    00000004                  : socket.obj (.const:_SlSockCloseCmdCtrl)
                  20013814    00000004                  : socket.obj (.const:_SlSockSocketCmdCtrl)
                  20013818    00000004                  : device.obj (.const:_SlStopCmdCtrl)
                  2001381c    00000004                  : wlan.obj (.const:_SlWlanCfgSetCmdCtrl)
                  20013820    00000004                  : wlan.obj (.const:_SlWlanSetModeCmdCtrl)
                  20013824    00000004                  : driver.obj (.const:httpServer_callbacks)
                  20013828    00000004                  : driver.obj (.const:netApp_callbacks)

.cinit     0    20013830    000000e0     
                  20013830    000000b7     (.cinit..data.load) [load image, compression = lzss]
                  200138e7    00000001     --HOLE-- [fill = 0]
                  200138e8    0000000c     (__TI_handler_table)
                  200138f4    00000004     --HOLE-- [fill = 0]
                  200138f8    00000008     (.cinit..bss.load) [load image, compression = zero_init]
                  20013900    00000010     (__TI_cinit_table)

.bss       0    20017000    00010ab7     UNINITIALIZED
                  20017000    00010000     (.common:storedcolor)
                  20027000    000005b8     (.common:g_buff)
                  200275b8    00000168     simplelink.a : driver.obj (.bss:g_StatMem)
                  20027720    00000120     rtsv7M4_T_le_eabi.lib : trgmsg.c.obj (.bss:_CIOBUF_)
                  20027840    000000cc     (.common:httpClient)
                  2002790c    000000a0     (.common:__TI_tmpnams)
                  200279ac    00000050     (.common:g_ucDinDout)
                  200279fc    0000002c     (.common:g_time)
                  20027a28    00000024     (.common:g_ucConnectionSSID)
                  20027a4c    00000020     (.common:quadCoord)
                  20027a6c    00000018     (.common:triangleCoord)
                  20027a84    00000010     (.common:lineCoord)
                  20027a94    00000008     (.common:g_ucConnectionBSSID)
                  20027a9c    00000008     (.common:parmbuf)
                  20027aa4    00000004     uart_if.obj (.bss)
                  20027aa8    00000004     (.common:appliedColor)
                  20027aac    00000004     (.common:body)
                  20027ab0    00000004     (.common:g_ulDestinationIP)
                  20027ab4    00000001     (.common:RxIrqCnt)
                  20027ab5    00000001     (.common:g_bDeviceRestartIsRequired)
                  20027ab6    00000001     (.common:g_cDummy)

.sysmem    0    20027ab8    00000800     UNINITIALIZED
                  20027ab8    00000010     rtsv7M4_T_le_eabi.lib : memory.c.obj (.sysmem)
                  20027ac8    000007f0     --HOLE--

.data      0    200282b8    00000380     UNINITIALIZED
                  200282b8    000000f0     rtsv7M4_T_le_eabi.lib : defs.c.obj (.data:_ftable)
                  200283a8    00000084     main.obj (.data)
                  2002842c    00000078     rtsv7M4_T_le_eabi.lib : host_device.c.obj (.data:_device)
                  200284a4    00000050                           : host_device.c.obj (.data:_stream)
                  200284f4    00000048     webclient.a : httpcli.obj (.data:tlsParams)
                  2002853c    0000003c     simplelink.a : nonos.obj (.data:g__SlNonOsCB)
                  20028578    00000021     main.obj (.data:input)
                  20028599    00000003     --HOLE--
                  2002859c    0000001c     main.obj (.data:colors)
                  200285b8    00000015     Adafruit_GFX.obj (.data)
                  200285cd    00000001     --HOLE--
                  200285ce    00000010     webclient.a : httpcli.obj (.data:proxyAddr)
                  200285de    00000002     --HOLE--
                  200285e0    00000010     rtsv7M4_T_le_eabi.lib : defs.c.obj (.data)
                  200285f0    0000000d     simplelink.a : driver.obj (.data)
                  200285fd    00000003     --HOLE--
                  20028600    0000000c     rtsv7M4_T_le_eabi.lib : exit.c.obj (.data:$O1$$)
                  2002860c    00000009     simplelink.a : cc_pal.obj (.data)
                  20028615    00000003     --HOLE--
                  20028618    00000008     rtsv7M4_T_le_eabi.lib : _lock.c.obj (.data:$O1$$)
                  20028620    00000008                           : memory.c.obj (.data:$O1$$)
                  20028628    00000008     main.obj (.data:IR_IN)
                  20028630    00000004     rtsv7M4_T_le_eabi.lib : errno.c.obj (.data)
                  20028634    00000004     simplelink.a : driver.obj (.data:wlan_callbacks)

.stack     0    2002f800    00000800     UNINITIALIZED
                  2002f800    00000004     rtsv7M4_T_le_eabi.lib : boot_cortex_m.c.obj (.stack)
                  2002f804    000007fc     --HOLE--

__llvm_prf_cnts 
*          0    20017000    00000000     UNINITIALIZED

MODULE SUMMARY

       Module                       code    ro data   rw data
       ------                       ----    -------   -------
    .\
       Adafruit_GFX.obj             3356    1275      65557  
       main.obj                     14336   222       2041   
       Adafruit_OLED.obj            1672    0         0      
       startup_ccs.obj              14      1024      0      
       i2c_if.obj                   672     0         0      
       uart_if.obj                  636     0         4      
       pin_mux_config.obj           292     0         0      
       timer_if.obj                 250     0         0      
       network_common.obj           38      0         0      
    +--+----------------------------+-------+---------+---------+
       Total:                       21266   2521      67602  
                                                             
    C:/ti/CC3200SDK_1.5.0/cc3200-sdk/driverlib/ccs/Release/driverlib.a
       prcm.obj                     852     168       0      
       spi.obj                      860     60        0      
       interrupt.obj                608     284       0      
       udma.obj                     604     0         0      
       pin.obj                      328     256       0      
       timer.obj                    552     0         0      
       gpio.obj                     422     0         0      
       i2c.obj                      380     0         0      
       uart.obj                     284     0         0      
       cpu.obj                      20      0         0      
       utils.obj                    6       0         0      
    +--+----------------------------+-------+---------+---------+
       Total:                       4916    768       0      
                                                             
    C:/ti/CC3200SDK_1.5.0/cc3200-sdk/netapps/http/client/ccs/HTTPClientMinLib/webclient.a
       httpcli.obj                  3485    8         88     
       ssock.obj                    556     0         0      
    +--+----------------------------+-------+---------+---------+
       Total:                       4041    8         88     
                                                             
    C:/ti/CC3200SDK_1.5.0/cc3200-sdk/netapps/json/ccs/Release/json.a
       jsmn.obj                     1520    0         0      
    +--+----------------------------+-------+---------+---------+
       Total:                       1520    0         0      
                                                             
    C:/ti/CC3200SDK_1.5.0/cc3200-sdk/simplelink/ccs/NON_OS_debug/simplelink.a
       driver.obj                   7906    192       379    
       cc_pal.obj                   1960    0         90     
       socket.obj                   1830    40        0      
       netapp.obj                   1572    12        0      
       wlan.obj                     1316    24        0      
       device.obj                   1234    20        0      
       nonos.obj                    416     20        60     
       netcfg.obj                   152     4         0      
    +--+----------------------------+-------+---------+---------+
       Total:                       16386   312       529    
                                                             
    C:\ti\ccs1110\ccs\tools\compiler\ti-cgt-arm_20.2.5.LTS\lib\rtsv7M4_T_le_eabi.lib
       _printfi.c.obj               4835    0         0      
       memory.c.obj                 900     0         8      
       fd_add_t2.asm.obj            438     0         0      
       defs.c.obj                   0       0         416    
       trgmsg.c.obj                 108     0         288    
       fd_div_t2.asm.obj            310     0         0      
       fputs.c.obj                  276     0         0      
       strtoul.c.obj                272     0         0      
       fd_cmp_t2.asm.obj            268     0         0      
       ctype.c.obj                  0       257       0      
       fd_mul_t2.asm.obj            252     0         0      
       setvbuf.c.obj                220     0         0      
       s_scalbn.c.obj               208     0         0      
       host_device.c.obj            0       0         200    
       memcpy_t2.asm.obj            156     0         0      
       ull_div_t2.asm.obj           150     0         0      
       fputc.c.obj                  140     0         0      
       vsnprintf.c.obj              136     0         0      
       memset_t2.asm.obj            122     0         0      
       fclose.c.obj                 116     0         0      
       getdevice.c.obj              116     0         0      
       printf.c.obj                 112     0         0      
       hostrename.c.obj             108     0         0      
       copy_decompress_lzss.c.obj   104     0         0      
       hostlseek.c.obj              104     0         0      
       hostopen.c.obj               96      0         8      
       fseek.c.obj                  100     0         0      
       _io_perm.c.obj               98      0         0      
       sprintf.c.obj                98      0         0      
       close.c.obj                  92      0         0      
       s_frexp.c.obj                92      0         0      
       exit.c.obj                   76      0         12     
       hostread.c.obj               88      0         0      
       hostwrite.c.obj              88      0         0      
       _ltoa.c.obj                  84      0         0      
       atoi.c.obj                   76      0         0      
       fflush.c.obj                 76      0         0      
       fd_toi_t2.asm.obj            72      0         0      
       autoinit.c.obj               68      0         0      
       hostclose.c.obj              68      0         0      
       hostunlink.c.obj             68      0         0      
       strncpy.c.obj                54      0         0      
       fopen.c.obj                  52      0         0      
       i_tofd_t2.asm.obj            46      0         0      
       strcasecmp.c.obj             46      0         0      
       strncmp.c.obj                44      0         0      
       unlink.c.obj                 44      0         0      
       lseek.c.obj                  40      0         0      
       memmov.c.obj                 40      0         0      
       write.c.obj                  40      0         0      
       boot_cortex_m.c.obj          36      0         0      
       memchr.c.obj                 32      0         0      
       strcat.c.obj                 30      0         0      
       memccpy.c.obj                28      0         0      
       strcmp.c.obj                 24      0         0      
       strchr.c.obj                 22      0         0      
       strcpy.c.obj                 20      0         0      
       strlen.c.obj                 20      0         0      
       wcslen.c.obj                 18      0         0      
       copy_decompress_none.c.obj   14      0         0      
       copy_zero_init.c.obj         12      0         0      
       errno.c.obj                  8       0         4      
       s_copysign.c.obj             12      0         0      
       _lock.c.obj                  2       0         8      
       pre_init.c.obj               4       0         0      
       div0.asm.obj                 2       0         0      
    +--+----------------------------+-------+---------+---------+
       Total:                       11481   257       944    
                                                             
       Heap:                        0       0         2048   
       Stack:                       0       0         2048   
       Linker Generated:            0       219       0      
    +--+----------------------------+-------+---------+---------+
       Grand Total:                 59610   4085      73259  


LINKER GENERATED COPY TABLES

__TI_cinit_table @ 20013900 records: 2, size/record: 8, table size: 16
	.data: load addr=20013830, load size=000000b7 bytes, run addr=200282b8, run size=00000380 bytes, compression=lzss
	.bss: load addr=200138f8, load size=00000008 bytes, run addr=20017000, run size=00010ab7 bytes, compression=zero_init


LINKER GENERATED HANDLER TABLE

__TI_handler_table @ 200138e8 records: 3, size/record: 4, table size: 12
	index: 0, handler: __TI_decompress_lzss
	index: 1, handler: __TI_decompress_none
	index: 2, handler: __TI_zero_init


GLOBAL SYMBOLS: SORTED ALPHABETICALLY BY Name 

address   name                                  
-------   ----                                  
20009441  Adafruit_Init                         
20012d03  C$$EXIT                               
20011d83  C$$IO$$                               
20012b6f  CPUcpsie                              
2000a7f9  ClearTerm                             
200095b7  Color565                              
2001243d  DmaSpiSwIntHandler                    
2000a803  Error                                 
20011dc5  GPIODirModeSet                        
20012b83  GPIOIntClear                          
20012881  GPIOIntEnable                         
20012655  GPIOIntRegister                       
200124cd  GPIOIntStatus                         
2000fec5  GPIOIntTypeSet                        
20012985  GPIOPinRead                           
20012555  GPIOPinWrite                          
2000a83b  GetCmd                                
20011615  HOSTclose                             
2001061d  HOSTlseek                             
20010ae1  HOSTopen                              
20010d75  HOSTread                              
2001046d  HOSTrename                            
20011659  HOSTunlink                            
20010dcd  HOSTwrite                             
2000cf21  HTTPCli_connect                       
20011465  HTTPCli_construct                     
200114ad  HTTPCli_destruct                      
20011f35  HTTPCli_disconnect                    
2000c119  HTTPCli_getResponseField              
2001279f  HTTPCli_getResponseStatus             
200118fd  HTTPCli_readRawResponseBody           
2000f7cf  HTTPCli_readResponseBody              
200107bd  HTTPCli_sendField                     
2000de81  HTTPCli_sendRequest                   
20011ce5  HTTPCli_sendRequestBody               
200123a5  HTTPCli_setRequestFields              
200123cb  HTTPCli_setResponseFields             
20012bd5  I2CMasterControl                      
20012c3d  I2CMasterDataGet                      
20012ad5  I2CMasterDataPut                      
20012aeb  I2CMasterEnable                       
20012085  I2CMasterErr                          
2000fd39  I2CMasterInitExpClk                   
20012b01  I2CMasterIntClear                     
2001299d  I2CMasterIntEnableEx                  
20012673  I2CMasterIntStatusEx                  
200124ef  I2CMasterSlaveAddrSet                 
20012be7  I2CMasterTimeoutSet                   
2000a523  I2C_IF_Close                          
2000a4c7  I2C_IF_Open                           
2000a3c5  I2C_IF_Read                           
2000a481  I2C_IF_ReadFrom                       
2000a315  I2C_IF_Write                          
2000a7b9  InitTerm                              
2000ec71  IntDisable                            
2000ed19  IntEnable                             
20012ccd  IntMasterEnable                       
20010e25  IntPendClear                          
20010f2d  IntPrioritySet                        
20012575  IntRegister                           
20012461  IntUnregister                         
20012b99  IntVTableBaseSet                      
2000a7d7  Message                               
20012c85  NwpMaskInterrupt                      
20011d1d  NwpPowerOff                           
20011e31  NwpPowerOn                            
2000fdbd  NwpPowerOnPreamble                    
20012595  NwpPrePowerOffTimout0                 
20011b3d  NwpRegisterInterruptHandler           
20012c91  NwpUnMaskInterrupt                    
20013580  OpcodeTranslateTable                  
20008849  Outstr                                
2000bfa1  PRCMCC3200MCUInit                     
20012b17  PRCMHIBRegRead                        
20012b2d  PRCMHIBRegWrite                       
20012265  PRCMPeripheralClkDisable              
20011bf5  PRCMPeripheralClkEnable               
2000f46d  PRCMPeripheralClockGet                
20010e7d  PRCMPeripheralReset                   
20011e65  PRCMPeripheralStatusGet               
200120b1  PRCMSysResetCauseGet                  
20005cc5  ParseJSONData                         
2000fba5  PinConfigSet                          
2001193d  PinModeSet                            
2000d049  PinMuxConfig                          
20011f67  PinTypeGPIO                           
200127bb  PinTypeI2C                            
2001289b  PinTypeSPI                            
200128b5  PinTypeUART                           
2000a979  Report                                
20012c75  ResetISR                              
20027ab4  RxIrqCnt                              
200129b5  SPICSDisable                          
200129cd  SPICSEnable                           
2000ee65  SPIConfigSetExpClk                    
200125b5  SPIDataGet                            
20012691  SPIDataPut                            
200129e5  SPIDisable                            
200128cf  SPIDmaDisable                         
200128e9  SPIDmaEnable                          
200129fd  SPIEnable                             
20012903  SPIFIFODisable                        
2001291d  SPIFIFOEnable                         
20011e99  SPIFIFOLevelSet                       
200114f5  SPIIntClear                           
20011171  SPIIntEnable                          
20012937  SPIIntUnregister                      
20012511  SPIReset                              
20012533  SPIWordCountSet                       
20005361  SimpleLinkGeneralEventHandler         
20005355  SimpleLinkHttpServerCallback          
200052b9  SimpleLinkNetAppEventHandler          
200053b1  SimpleLinkSockEventHandler            
20005105  SimpleLinkWlanEventHandler            
2001197d  Ssock_construct                       
2001107d  Ssock_destruct                        
20012c4b  Ssock_getSocket                       
20010d19  Ssock_recv                            
2000d28d  Ssock_send                            
20006b2d  TimerA0IntHandler                     
200116e1  TimerConfigure                        
200126af  TimerDisable                          
200126cd  TimerEnable                           
200125d5  TimerGetCurrentTimestamp              
20012bf9  TimerIntClear                         
20012a15  TimerIntDisable                       
20012a2d  TimerIntEnable                        
2001031d  TimerIntRegister                      
200126eb  TimerIntStatus                        
20010685  TimerIntUnregister                    
200121e5  TimerLoadSet                          
2001220f  TimerPrescaleSet                      
200127d7  TimerValueGet                         
2000d981  Timer_IF_DeInit                       
2000d9af  Timer_IF_GetCount                     
2000d8cd  Timer_IF_Init                         
2000d8ff  Timer_IF_IntSetup                     
2000d93d  Timer_IF_InterruptClear               
2000d99b  Timer_IF_ReLoad                       
2000d955  Timer_IF_Start                        
2000d971  Timer_IF_Stop                         
2000a8e1  TrimSpace                             
200127f3  UARTCharGetNonBlocking                
20012709  UARTCharPut                           
20012a45  UARTCharsAvail                        
200101bd  UARTConfigSetExpClk                   
20011f99  UARTDisable                           
20012485  UARTEnable                            
20012cf1  UtilsDelay                            
200135bc  _SlActionLookupTable                  
2000edc1  _SlDriverHandleError                  
2001153d  _SlDrvBasicCmd                        
2000e995  _SlDrvCmdOp                           
200104d9  _SlDrvCmdSend                         
2000aee5  _SlDrvDataReadOp                      
2000c3f9  _SlDrvDataWriteOp                     
2000f041  _SlDrvDeviceEventHandler              
20012c1d  _SlDrvDispatchHttpServerEvents        
2000ccc1  _SlDrvDriverCBDeinit                  
2000b61d  _SlDrvDriverCBInit                    
2001228d  _SlDrvGlobalObjUnLock                 
20011725  _SlDrvHandleHttpServerEvents          
200119bd  _SlDrvHandleNetAppEvents              
200119fd  _SlDrvHandleWlanEvents                
2000f975  _SlDrvIsTimeoutExpired                
20012b43  _SlDrvMemZero                         
2000e055  _SlDrvMsgReadSpawnCtx                 
2000d5cd  _SlDrvNetAppEventHandler              
200123f1  _SlDrvObjLockWaitForever              
200125f5  _SlDrvObjUnLock                       
20011209  _SlDrvProtectAsyncRespSetting         
20012109  _SlDrvProtectionObjLockWaitForever    
200122b5  _SlDrvProtectionObjUnLock             
2000b0c9  _SlDrvReleasePoolObj                  
20012c59  _SlDrvResetCmdExt                     
20010f81  _SlDrvRxIrqHandler                    
2001280f  _SlDrvStartMeasureTimeout             
20012615  _SlDrvSyncObjSignal                   
200122dd  _SlDrvSyncObjWaitForever              
20011769  _SlDrvSyncObjWaitTimeout              
2000b96d  _SlDrvWaitForPoolObj                  
200137ec  _SlNetAppSendTokenValueCmdCtrl        
20010235  _SlNonOsMainLoopTask                  
2000ebc1  _SlNonOsSemGet                        
20012a5d  _SlNonOsSemSet                        
20010825  _SlNonOsSpawn                         
20027720  __CIOBUF_                             
20030000  __STACK_END                           
00000800  __STACK_SIZE                          
00000800  __SYSMEM_SIZE                         
20013900  __TI_CINIT_Base                       
20013910  __TI_CINIT_Limit                      
200138e8  __TI_Handler_Table_Base               
200138f4  __TI_Handler_Table_Limit              
200117ad  __TI_auto_init_nobinit_nopinit        
20011ecd  __TI_cleanup                          
20028600  __TI_cleanup_ptr                      
200102a9  __TI_closefile                        
200106ed  __TI_decompress_lzss                  
20012c67  __TI_decompress_none                  
20011255  __TI_doflush                          
20028604  __TI_dtors_ptr                        
20028608  __TI_enable_exit_profile_output       
200285e0  __TI_ft_end                           
20010fd5  __TI_ltoa                             
ffffffff  __TI_pprof_out_hndl                   
2000891d  __TI_printfi                          
ffffffff  __TI_prof_data_size                   
ffffffff  __TI_prof_data_start                  
20011f01  __TI_readmsg                          
20013830  __TI_static_base__                    
2002790c  __TI_tmpnams                          
20011d55  __TI_writemsg                         
20010a7d  __TI_wrt_ok                           
20012ca9  __TI_zero_init                        
2000fc2d  __aeabi_cdcmpeq                       
2000fc2d  __aeabi_cdcmple                       
2000fcb3  __aeabi_cdrcmple                      
200115cd  __aeabi_d2iz                          
2000b46f  __aeabi_dadd                          
2000ca55  __aeabi_ddiv                          
2000d7d1  __aeabi_dmul                          
2000b465  __aeabi_dsub                          
20012ce1  __aeabi_errno_addr                    
20012029  __aeabi_i2d                           
2000b61b  __aeabi_idiv0                         
2000b61b  __aeabi_ldiv0                         
200100c9  __aeabi_memclr                        
200100c9  __aeabi_memclr4                       
200100c9  __aeabi_memclr8                       
2000efa5  __aeabi_memcpy                        
2000efa5  __aeabi_memcpy4                       
2000efa5  __aeabi_memcpy8                       
200100cb  __aeabi_memset                        
200100cb  __aeabi_memset4                       
200100cb  __aeabi_memset8                       
200285ec  __aeabi_stderr                        
200285e4  __aeabi_stdin                         
200285e8  __aeabi_stdout                        
2000f3d5  __aeabi_uldivmod                      
ffffffff  __binit__                             
ffffffff  __c_args__                            
UNDEFED   __mpu_init                            
2002f800  __stack                               
20017000  __start___llvm_prf_cnts               
20017000  __stop___llvm_prf_cnts                
200124a9  _c_int00_noargs                       
20013203  _ctypes_                              
2002842c  _device                               
200282b8  _ftable                               
20028618  _lock                                 
2000a297  _nop                                  
20010889  _sl_HandleAsync_Accept                
2000ff49  _sl_HandleAsync_Connect               
2000f501  _sl_HandleAsync_DnsGetHostByName      
2000e671  _sl_HandleAsync_DnsGetHostByService   
2000fa01  _sl_HandleAsync_InitComplete          
2000f591  _sl_HandleAsync_PingResponse          
20011029  _sl_HandleAsync_Select                
20011121  _sl_HandleAsync_Stop                  
20010545  _sl_NetAppSendTokenValue              
200284a4  _stream                               
20027ab8  _sys_memory                           
UNDEFED   _system_post_cinit                    
20012cff  _system_pre_init                      
2002861c  _unlock                               
20012d03  abort                                 
2000d6d1  aligned_alloc                         
20027aa8  appliedColor                          
200112ed  atoi                                  
20006c8d  ball                                  
ffffffff  binit                                 
20028420  bitlen                                
20027aac  body                                  
200283cc  brush                                 
2000bafd  bufferedRecv                          
20028414  bytesReceived                         
20028400  circle                                
20028404  circtocur                             
20028408  circtocur2                            
200283d0  clear                                 
20010c61  close                                 
200283b8  colorChange                           
200283ac  colorIndex                            
2002859c  colors                                
20012c9d  copysign                              
20012c9d  copysignl                             
200283c8  cursor                                
200285b8  cursor_x                              
200285bc  cursor_y                              
20006461  decodeInput                           
20004401  delay                                 
200283bc  delete                                
20006af1  display                               
200086fd  drawChar                              
20007c01  drawCircle                            
20007e69  drawCircleHelper                      
20007d35  drawCursor                            
20009997  drawCursorPixel                       
2000987d  drawFastHLine                         
2000970d  drawFastVLine                         
200097d3  drawFastVLineCursor                   
200081c7  drawLine                              
20009949  drawPixel                             
20008301  drawQuad                              
200082b3  drawRect                              
20008353  drawRoundRect                         
200084bb  drawTriangle                          
20028630  errno                                 
20011585  exit                                  
200283d4  fill                                  
20007f87  fillCircle                            
200080d9  fillCircleHelper                      
20007ff3  fillCircleHelperCursor                
20007fc1  fillCursor                            
20009619  fillRect                              
20008441  fillRoundRect                         
200095f9  fillScreen                            
200084fd  fillTriangle                          
20011ff9  finddevice                            
2000fa8d  fputc                                 
2000d3a9  fputs                                 
2000e13d  free                                  
20010cbd  frexp                                 
20010cbd  frexpl                                
200108ed  fseek                                 
200285f0  g_SlDeviceStatus                      
2002860c  g_SpiFd                               
2002853c  g__SlNonOsCB                          
20027ab5  g_bDeviceRestartIsRequired            
20027000  g_buff                                
20027ab6  g_cDummy                              
200285f4  g_pCB                                 
20028610  g_pHostIntHdl                         
20004000  g_pfnVectors                          
200279fc  g_time                                
20027a94  g_ucConnectionBSSID                   
20027a28  g_ucConnectionSSID                    
20028614  g_ucDMAEnabled                        
200279ac  g_ucDinDout                           
20027ab0  g_ulDestinationIP                     
20028410  g_ulGatewayIP                         
2002840c  g_ulStatus                            
20004fbb  generateBody                          
20004b13  generateBodyBitmap                    
20004c67  generateBodyCirc                      
20004cf1  generateBodyLine                      
20004ec1  generateBodyQuad                      
20004d9f  generateBodyTri                       
20006afb  getData                               
20011835  getdevice                             
20009573  goTo                                  
200088fd  height                                
20027840  httpClient                            
20028578  input                                 
20028418  interval                              
200099d5  invert                                
20012745  jsmn_init                             
20009f85  jsmn_parse                            
20004973  lcdTestPattern                        
20004a43  lcdTestPattern2                       
2000e5a1  ldexp                                 
2000e5a1  ldexpl                                
200283dc  line                                  
20027a84  lineCoord                             
200283e0  linePoint                             
2001232d  lseek                                 
20007a69  main                                  
20012ce9  malloc                                
2000d6d1  memalign                              
20012849  memccpy                               
20012635  memchr                                
2000efa5  memcpy                                
20012355  memmove                               
200100d1  memset                                
200283a8  p                                     
200285f8  pPingCallBackFunc                     
20027a9c  parmbuf                               
200283b4  press                                 
20005a73  printErrConvenience                   
20010755  printf                                
2000fa8d  putc                                  
200283f0  quad                                  
20027a4c  quadCoord                             
200283f4  quadPoint1                            
200283f8  quadPoint2                            
200283fc  quadPoint3                            
200283b0  rad                                   
200283c4  radDec                                
200283c0  radInc                                
200093fd  readData                              
2000e221  realloc                               
200121b9  remove                                
2002841c  rset                                  
2000e5a1  scalbn                                
2000e5a1  scalbnl                               
200283d8  screenshot                            
20008895  setCursor                             
200088cd  setTextColor                          
200088ad  setTextSize                           
200088e5  setTextWrap                           
2000e4c5  setvbuf                               
20011c31  simplelink_timerA2_start              
20010b41  sl_Close                              
2000be15  sl_Connect                            
2000e73d  sl_DevGet                             
2000f0dd  sl_DevSet                             
200118bb  sl_Htonl                              
20011c6d  sl_Htons                              
2000c7d5  sl_NetAppDnsGetHostByName             
2000e305  sl_NetAppMDNSRegisterUnregisterService
20010951  sl_NetAppMDNSUnRegisterService        
2000f175  sl_NetCfgSet                          
20012417  sl_Provisioning_HttpServerEventHdl    
20012425  sl_Provisioning_NetAppEventHdl        
20012431  sl_Provisioning_WlanEventHdl          
2000ef05  sl_Recv                               
2000cb8d  sl_Send                               
2000f20d  sl_SetSockOpt                         
2000fb19  sl_Socket                             
2000dac1  sl_Start                              
2000dbb1  sl_Stop                               
2000a539  sl_WlanConnect                        
20011d8d  sl_WlanDisconnect                     
2000f6b1  sl_WlanPolicySet                      
20010ba1  sl_WlanProfileDel                     
2000fe41  sl_WlanRxFilterSet                    
2000f2a5  sl_WlanSet                            
20010c01  sl_WlanSetMode                        
20010145  spi_Close                             
2000c549  spi_Open                              
2000dca1  spi_Read                              
2000f33d  spi_Write                             
20011abd  sprintf                               
20017000  storedcolor                           
20012057  strcasecmp                            
20012763  strcat                                
20012b59  strchr                                
20012abd  strcmp                                
20012bad  strcpy                                
20012bc1  strlen                                
2001218d  strncmp                               
20011dfb  strncpy                               
2000d4bd  strtoul                               
20004637  testdrawcircles                       
200044a7  testdrawrects                         
20004435  testfastlines                         
200045c5  testfillcircles                       
20004507  testfillrects                         
200047a5  testlines                             
20004733  testroundrects                        
200046b1  testtriangles                         
200285c8  textbgcolor                           
200285c4  textcolor                             
200285c0  textsize                              
200283e8  triPoint1                             
200283ec  triPoint2                             
200283e4  triangle                              
20027a6c  triangleCoord                         
200113d1  uDMAChannelAssign                     
200109b5  uDMAChannelAttributeDisable           
20010a19  uDMAChannelAttributeEnable            
20011ca9  uDMAChannelControlSet                 
20012865  uDMAChannelEnable                     
2000dd91  uDMAChannelTransferSet                
200121b9  unlink                                
20011afd  vsnprintf                             
20012c0b  wcslen                                
200088f9  width                                 
200285cc  wrap                                  
2001237d  write                                 
2000936d  writeCommand                          
200093b5  writeData                             
20028424  xCoor                                 
20028428  yCoor                                 


GLOBAL SYMBOLS: SORTED BY Symbol Address 

address   name                                  
-------   ----                                  
00000800  __STACK_SIZE                          
00000800  __SYSMEM_SIZE                         
20004000  g_pfnVectors                          
20004401  delay                                 
20004435  testfastlines                         
200044a7  testdrawrects                         
20004507  testfillrects                         
200045c5  testfillcircles                       
20004637  testdrawcircles                       
200046b1  testtriangles                         
20004733  testroundrects                        
200047a5  testlines                             
20004973  lcdTestPattern                        
20004a43  lcdTestPattern2                       
20004b13  generateBodyBitmap                    
20004c67  generateBodyCirc                      
20004cf1  generateBodyLine                      
20004d9f  generateBodyTri                       
20004ec1  generateBodyQuad                      
20004fbb  generateBody                          
20005105  SimpleLinkWlanEventHandler            
200052b9  SimpleLinkNetAppEventHandler          
20005355  SimpleLinkHttpServerCallback          
20005361  SimpleLinkGeneralEventHandler         
200053b1  SimpleLinkSockEventHandler            
20005a73  printErrConvenience                   
20005cc5  ParseJSONData                         
20006461  decodeInput                           
20006af1  display                               
20006afb  getData                               
20006b2d  TimerA0IntHandler                     
20006c8d  ball                                  
20007a69  main                                  
20007c01  drawCircle                            
20007d35  drawCursor                            
20007e69  drawCircleHelper                      
20007f87  fillCircle                            
20007fc1  fillCursor                            
20007ff3  fillCircleHelperCursor                
200080d9  fillCircleHelper                      
200081c7  drawLine                              
200082b3  drawRect                              
20008301  drawQuad                              
20008353  drawRoundRect                         
20008441  fillRoundRect                         
200084bb  drawTriangle                          
200084fd  fillTriangle                          
200086fd  drawChar                              
20008849  Outstr                                
20008895  setCursor                             
200088ad  setTextSize                           
200088cd  setTextColor                          
200088e5  setTextWrap                           
200088f9  width                                 
200088fd  height                                
2000891d  __TI_printfi                          
2000936d  writeCommand                          
200093b5  writeData                             
200093fd  readData                              
20009441  Adafruit_Init                         
20009573  goTo                                  
200095b7  Color565                              
200095f9  fillScreen                            
20009619  fillRect                              
2000970d  drawFastVLine                         
200097d3  drawFastVLineCursor                   
[...]
2000a523  I2C_IF_Close                          
2000a539  sl_WlanConnect                        
2000a7b9  InitTerm                              
2000a7d7  Message                               
2000a7f9  ClearTerm                             
2000a803  Error                                 
2000a83b  GetCmd                                
2000a8e1  TrimSpace                             
2000a979  Report                                
2000aee5  _SlDrvDataReadOp                      
2000b0c9  _SlDrvReleasePoolObj                  
2000b465  __aeabi_dsub                          
2000b46f  __aeabi_dadd                          
2000b61b  __aeabi_idiv0                         
2000b61b  __aeabi_ldiv0                         
2000b61d  _SlDrvDriverCBInit                    
2000b96d  _SlDrvWaitForPoolObj                  
2000bafd  bufferedRecv                          
2000be15  sl_Connect                            
2000bfa1  PRCMCC3200MCUInit                     
2000c119  HTTPCli_getResponseField              
2000c3f9  _SlDrvDataWriteOp                     
2000c549  spi_Open                              
2000c7d5  sl_NetAppDnsGetHostByName             
2000ca55  __aeabi_ddiv                          
2000cb8d  sl_Send                               
2000ccc1  _SlDrvDriverCBDeinit                  
2000cf21  HTTPCli_connect                       
2000d049  PinMuxConfig                          
2000d28d  Ssock_send                            
2000d3a9  fputs                                 
2000d4bd  strtoul                               
2000d5cd  _SlDrvNetAppEventHandler              
2000d6d1  aligned_alloc                         
2000d6d1  memalign                              
2000d7d1  __aeabi_dmul                          
2000d8cd  Timer_IF_Init                         
2000d8ff  Timer_IF_IntSetup                     
2000d93d  Timer_IF_InterruptClear               
2000d955  Timer_IF_Start                        
2000d971  Timer_IF_Stop                         
2000d981  Timer_IF_DeInit                       
2000d99b  Timer_IF_ReLoad                       
2000d9af  Timer_IF_GetCount                     
2000dac1  sl_Start                              
2000dbb1  sl_Stop                               
2000dca1  spi_Read                              
2000dd91  uDMAChannelTransferSet                
2000de81  HTTPCli_sendRequest                   
2000e055  _SlDrvMsgReadSpawnCtx                 
2000e13d  free                                  
2000e221  realloc                               
2000e305  sl_NetAppMDNSRegisterUnregisterService
2000e4c5  setvbuf                               
2000e5a1  ldexp                                 
2000e5a1  ldexpl                                
2000e5a1  scalbn                                
2000e5a1  scalbnl                               
2000e671  _sl_HandleAsync_DnsGetHostByService   
2000e73d  sl_DevGet                             
2000e995  _SlDrvCmdOp                           
2000ebc1  _SlNonOsSemGet                        
2000ec71  IntDisable                            
2000ed19  IntEnable                             
2000edc1  _SlDriverHandleError                  
2000ee65  SPIConfigSetExpClk                    
2000ef05  sl_Recv                               
2000efa5  __aeabi_memcpy                        
2000efa5  __aeabi_memcpy4                       
2000efa5  __aeabi_memcpy8                       
2000efa5  memcpy                                
2000f041  _SlDrvDeviceEventHandler              
2000f0dd  sl_DevSet                             
2000f175  sl_NetCfgSet                          
2000f20d  sl_SetSockOpt                         
2000f2a5  sl_WlanSet                            
2000f33d  spi_Write                             
2000f3d5  __aeabi_uldivmod                      
2000f46d  PRCMPeripheralClockGet                
2000f501  _sl_HandleAsync_DnsGetHostByName      
2000f591  _sl_HandleAsync_PingResponse          
2000f6b1  sl_WlanPolicySet                      
2000f7cf  HTTPCli_readResponseBody              
2000f975  _SlDrvIsTimeoutExpired                
2000fa01  _sl_HandleAsync_InitComplete          
2000fa8d  fputc                                 
2000fa8d  putc                                  
2000fb19  sl_Socket                             
2000fba5  PinConfigSet                          
2000fc2d  __aeabi_cdcmpeq                       
2000fc2d  __aeabi_cdcmple                       
2000fcb3  __aeabi_cdrcmple                      
2000fd39  I2CMasterInitExpClk                   
2000fdbd  NwpPowerOnPreamble                    
2000fe41  sl_WlanRxFilterSet                    
2000fec5  GPIOIntTypeSet                        
2000ff49  _sl_HandleAsync_Connect               
200100c9  __aeabi_memclr                        
200100c9  __aeabi_memclr4                       
200100c9  __aeabi_memclr8                       
200100cb  __aeabi_memset                        
200100cb  __aeabi_memset4                       
200100cb  __aeabi_memset8                       
200100d1  memset                                
20010145  spi_Close                             
200101bd  UARTConfigSetExpClk                   
20010235  _SlNonOsMainLoopTask                  
200102a9  __TI_closefile                        
2001031d  TimerIntRegister                      
2001046d  HOSTrename                            
200104d9  _SlDrvCmdSend                         
20010545  _sl_NetAppSendTokenValue              
2001061d  HOSTlseek                             
20010685  TimerIntUnregister                    
200106ed  __TI_decompress_lzss                  
20010755  printf                                
200107bd  HTTPCli_sendField                     
20010825  _SlNonOsSpawn                         
20010889  _sl_HandleAsync_Accept                
200108ed  fseek                                 
20010951  sl_NetAppMDNSUnRegisterService        
200109b5  uDMAChannelAttributeDisable           
20010a19  uDMAChannelAttributeEnable            
20010a7d  __TI_wrt_ok                           
20010ae1  HOSTopen                              
20010b41  sl_Close                              
20010ba1  sl_WlanProfileDel                     
20010c01  sl_WlanSetMode                        
20010c61  close                                 
20010cbd  frexp                                 
20010cbd  frexpl                                
20010d19  Ssock_recv                            
20010d75  HOSTread                              
20010dcd  HOSTwrite                             
20010e25  IntPendClear                          
20010e7d  PRCMPeripheralReset                   
20010f2d  IntPrioritySet                        
20010f81  _SlDrvRxIrqHandler                    
20010fd5  __TI_ltoa                             
20011029  _sl_HandleAsync_Select                
2001107d  Ssock_destruct                        
20011121  _sl_HandleAsync_Stop                  
20011171  SPIIntEnable                          
20011209  _SlDrvProtectAsyncRespSetting         
20011255  __TI_doflush                          
200112ed  atoi                                  
200113d1  uDMAChannelAssign                     
20011465  HTTPCli_construct                     
200114ad  HTTPCli_destruct                      
200114f5  SPIIntClear                           
2001153d  _SlDrvBasicCmd                        
20011585  exit                                  
200115cd  __aeabi_d2iz                          
20011615  HOSTclose                             
20011659  HOSTunlink                            
200116e1  TimerConfigure                        
20011725  _SlDrvHandleHttpServerEvents          
20011769  _SlDrvSyncObjWaitTimeout              
200117ad  __TI_auto_init_nobinit_nopinit        
20011835  getdevice                             
200118bb  sl_Htonl                              
200118fd  HTTPCli_readRawResponseBody           
2001193d  PinModeSet                            
2001197d  Ssock_construct                       
200119bd  _SlDrvHandleNetAppEvents              
200119fd  _SlDrvHandleWlanEvents                
20011abd  sprintf                               
20011afd  vsnprintf                             
20011b3d  NwpRegisterInterruptHandler           
20011bf5  PRCMPeripheralClkEnable               
20011c31  simplelink_timerA2_start              
20011c6d  sl_Htons                              
20011ca9  uDMAChannelControlSet                 
20011ce5  HTTPCli_sendRequestBody               
20011d1d  NwpPowerOff                           
20011d55  __TI_writemsg                         
20011d83  C$$IO$$                               
20011d8d  sl_WlanDisconnect                     
20011dc5  GPIODirModeSet                        
20011dfb  strncpy                               
20011e31  NwpPowerOn                            
20011e65  PRCMPeripheralStatusGet               
20011e99  SPIFIFOLevelSet                       
20011ecd  __TI_cleanup                          
20011f01  __TI_readmsg                          
20011f35  HTTPCli_disconnect                    
20011f67  PinTypeGPIO                           
20011f99  UARTDisable                           
20011ff9  finddevice                            
20012029  __aeabi_i2d                           
20012057  strcasecmp                            
20012085  I2CMasterErr                          
200120b1  PRCMSysResetCauseGet                  
20012109  _SlDrvProtectionObjLockWaitForever    
2001218d  strncmp                               
200121b9  remove                                
200121b9  unlink                                
200121e5  TimerLoadSet                          
2001220f  TimerPrescaleSet                      
20012265  PRCMPeripheralClkDisable              
2001228d  _SlDrvGlobalObjUnLock                 
200122b5  _SlDrvProtectionObjUnLock             
200122dd  _SlDrvSyncObjWaitForever              
2001232d  lseek                                 
20012355  memmove                               
2001237d  write                                 
200123a5  HTTPCli_setRequestFields              
200123cb  HTTPCli_setResponseFields             
200123f1  _SlDrvObjLockWaitForever              
20012417  sl_Provisioning_HttpServerEventHdl    
20012425  sl_Provisioning_NetAppEventHdl        
20012431  sl_Provisioning_WlanEventHdl          
2001243d  DmaSpiSwIntHandler                    
20012461  IntUnregister                         
20012485  UARTEnable                            
200124a9  _c_int00_noargs                       
200124cd  GPIOIntStatus                         
200124ef  I2CMasterSlaveAddrSet                 
20012511  SPIReset                              
20012533  SPIWordCountSet                       
20012555  GPIOPinWrite                          
20012575  IntRegister                           
20012595  NwpPrePowerOffTimout0                 
200125b5  SPIDataGet                            
200125d5  TimerGetCurrentTimestamp              
200125f5  _SlDrvObjUnLock                       
20012615  _SlDrvSyncObjSignal                   
20012635  memchr                                
20012655  GPIOIntRegister                       
20012673  I2CMasterIntStatusEx                  
20012691  SPIDataPut                            
200126af  TimerDisable                          
200126cd  TimerEnable                           
200126eb  TimerIntStatus                        
20012709  UARTCharPut                           
20012745  jsmn_init                             
20012763  strcat                                
2001279f  HTTPCli_getResponseStatus             
200127bb  PinTypeI2C                            
200127d7  TimerValueGet                         
200127f3  UARTCharGetNonBlocking                
2001280f  _SlDrvStartMeasureTimeout             
20012849  memccpy                               
20012865  uDMAChannelEnable                     
20012881  GPIOIntEnable                         
2001289b  PinTypeSPI                            
200128b5  PinTypeUART                           
200128cf  SPIDmaDisable                         
200128e9  SPIDmaEnable                          
20012903  SPIFIFODisable                        
2001291d  SPIFIFOEnable                         
20012937  SPIIntUnregister                      
20012985  GPIOPinRead                           
2001299d  I2CMasterIntEnableEx                  
200129b5  SPICSDisable                          
200129cd  SPICSEnable                           
200129e5  SPIDisable                            
200129fd  SPIEnable                             
20012a15  TimerIntDisable                       
20012a2d  TimerIntEnable                        
20012a45  UARTCharsAvail                        
20012a5d  _SlNonOsSemSet                        
20012abd  strcmp                                
20012ad5  I2CMasterDataPut                      
20012aeb  I2CMasterEnable                       
20012b01  I2CMasterIntClear                     
20012b17  PRCMHIBRegRead                        
20012b2d  PRCMHIBRegWrite                       
20012b43  _SlDrvMemZero                         
20012b59  strchr                                
20012b6f  CPUcpsie                              
20012b83  GPIOIntClear                          
20012b99  IntVTableBaseSet                      
20012bad  strcpy                                
20012bc1  strlen                                
20012bd5  I2CMasterControl                      
20012be7  I2CMasterTimeoutSet                   
20012bf9  TimerIntClear                         
20012c0b  wcslen                                
20012c1d  _SlDrvDispatchHttpServerEvents        
20012c3d  I2CMasterDataGet                      
20012c4b  Ssock_getSocket                       
20012c59  _SlDrvResetCmdExt                     
20012c67  __TI_decompress_none                  
20012c75  ResetISR                              
20012c85  NwpMaskInterrupt                      
20012c91  NwpUnMaskInterrupt                    
20012c9d  copysign                              
20012c9d  copysignl                             
20012ca9  __TI_zero_init                        
20012ccd  IntMasterEnable                       
20012ce1  __aeabi_errno_addr                    
20012ce9  malloc                                
20012cf1  UtilsDelay                            
20012cff  _system_pre_init                      
20012d03  C$$EXIT                               
20012d03  abort                                 
20013203  _ctypes_                              
20013580  OpcodeTranslateTable                  
200135bc  _SlActionLookupTable                  
200137ec  _SlNetAppSendTokenValueCmdCtrl        
20013830  __TI_static_base__                    
200138e8  __TI_Handler_Table_Base               
200138f4  __TI_Handler_Table_Limit              
20013900  __TI_CINIT_Base                       
20013910  __TI_CINIT_Limit                      
20017000  __start___llvm_prf_cnts               
20017000  __stop___llvm_prf_cnts                
20017000  storedcolor                           
20027000  g_buff                                
20027720  __CIOBUF_                             
20027840  httpClient                            
2002790c  __TI_tmpnams                          
200279ac  g_ucDinDout                           
200279fc  g_time                                
20027a28  g_ucConnectionSSID                    
20027a4c  quadCoord                             
20027a6c  triangleCoord                         
20027a84  lineCoord                             
20027a94  g_ucConnectionBSSID                   
20027a9c  parmbuf                               
20027aa8  appliedColor                          
20027aac  body                                  
20027ab0  g_ulDestinationIP                     
20027ab4  RxIrqCnt                              
20027ab5  g_bDeviceRestartIsRequired            
20027ab6  g_cDummy                              
20027ab8  _sys_memory                           
200282b8  _ftable                               
200283a8  p                                     
200283ac  colorIndex                            
200283b0  rad                                   
200283b4  press                                 
200283b8  colorChange                           
200283bc  delete                                
200283c0  radInc                                
200283c4  radDec                                
200283c8  cursor                                
200283cc  brush                                 
200283d0  clear                                 
200283d4  fill                                  
200283d8  screenshot                            
200283dc  line                                  
200283e0  linePoint                             
200283e4  triangle                              
200283e8  triPoint1                             
200283ec  triPoint2                             
200283f0  quad                                  
200283f4  quadPoint1                            
200283f8  quadPoint2                            
200283fc  quadPoint3                            
20028400  circle                                
20028404  circtocur                             
20028408  circtocur2                            
2002840c  g_ulStatus                            
20028410  g_ulGatewayIP                         
20028414  bytesReceived                         
20028418  interval                              
2002841c  rset                                  
20028420  bitlen                                
20028424  xCoor                                 
20028428  yCoor                                 
2002842c  _device                               
200284a4  _stream                               
2002853c  g__SlNonOsCB                          
20028578  input                                 
2002859c  colors                                
200285b8  cursor_x                              
200285bc  cursor_y                              
200285c0  textsize                              
200285c4  textcolor                             
200285c8  textbgcolor                           
200285cc  wrap                                  
200285e0  __TI_ft_end                           
200285e4  __aeabi_stdin                         
200285e8  __aeabi_stdout                        
200285ec  __aeabi_stderr                        
200285f0  g_SlDeviceStatus                      
200285f4  g_pCB                                 
200285f8  pPingCallBackFunc                     
20028600  __TI_cleanup_ptr                      
20028604  __TI_dtors_ptr                        
20028608  __TI_enable_exit_profile_output       
2002860c  g_SpiFd                               
20028610  g_pHostIntHdl                         
20028614  g_ucDMAEnabled                        
20028618  _lock                                 
2002861c  _unlock                               
20028630  errno                                 
2002f800  __stack                               
20030000  __STACK_END                           
ffffffff  __TI_pprof_out_hndl                   
ffffffff  __TI_prof_data_size                   
ffffffff  __TI_prof_data_start                  
ffffffff  __binit__                             
ffffffff  __c_args__                            
ffffffff  binit                                 
UNDEFED   __mpu_init                            
UNDEFED   _system_post_cinit                    

[475 symbols]
